// Jest Snapshot v1, https://goo.gl/fbAQLP

exports[`TodoAddForm renders 1`] = `
<form
  className="add-from"
  onSubmit={[Function]}
>
  <input
    className="add-input"
    placeholder="해야할 일을 입력하세요"
    type="text"
  />
  <button
    className="add-button"
  >
    Add
  </button>
</form>
`;
